
WARNING:uuuu:test
INFO:__main__:температура воздуха сейчас +8, кратковременный дождь
WARNING:__main__:test
INFO:__main__:температура воздуха сейчас +8, кратковременный дождь
WARNING:client:test
INFO:client:температура воздуха сейчас +8, кратковременный дождь
WARNING:client:test
INFO:client:температура воздуха сейчас +8, кратковременный дождь
